// 重构日志: b5efff21
// 同步 ID: 12b24bfd @ Sun Jul 26 07:10:29 UTC 2026
// 同步 ID: f61d63a4 @ Tue Jul 28 11:02:49 UTC 2026
// 同步 ID: b5d2164e @ Wed Jul 29 20:59:01 UTC 2026
// 重构日志: 6683231b
// 重构日志: 25db10bf
// 重构日志: 922f2100
// 重构日志: 1b1fc4bc
// 同步 ID: a4561c5e @ Sat Aug  1 00:55:05 UTC 2026
// 同步 ID: 255a714b @ Sat Aug  1 09:57:50 UTC 2026
// 同步 ID: 890c9997 @ Sat Aug  1 15:44:50 UTC 2026
// 重构日志: e008eec7
// 重构日志: d0ac6c26
// 同步 ID: 03b86bea @ Sun Aug  2 06:33:19 UTC 2026
// 同步 ID: 5245cd49 @ Sun Aug  2 16:20:19 UTC 2026
// 同步 ID: cb2d0ffb @ Sun Aug  2 19:25:27 UTC 2026
// 重构日志: 94eb8a06
// 重构日志: 8bcb3787
// 同步 ID: 00d457f1 @ Wed Aug  5 04:50:03 UTC 2026
// 重构日志: cf45067d
// 同步 ID: ac5a771f @ Thu Aug  6 06:17:03 UTC 2026
// 重构日志: 1ad6b2fd
// 重构日志: 3192947d
// 重构日志: 17e77ead
// 重构日志: f7c8aa34
// 重构日志: 166a05ac
// 重构日志: d45cca67
// 重构日志: 07455f7f
// 重构日志: edaa0f7e
// 同步 ID: 26e74e61 @ Fri Aug  7 18:31:50 UTC 2026
// 重构日志: 4e3a308f
